../Core/Src/main.c:78:5:__io_putchar	16	static
../Core/Src/main.c:85:6:HAL_SPI_TxCpltCallback	16	static
../Core/Src/main.c:92:6:HAL_DCMI_FrameEventCallback	16	static
../Core/Src/main.c:103:5:main	8	static
../Core/Src/main.c:209:6:SystemClock_Config	120	static
../Core/Src/main.c:270:6:PeriphCommonClock_Config	4	static
../Core/Src/main.c:282:6:HAL_UART_RxCpltCallback	16	static
../Core/Src/main.c:369:6:MPU_Config	24	static
../Core/Src/main.c:415:6:HAL_TIM_PeriodElapsedCallback	16	static
../Core/Src/main.c:445:6:Error_Handler	4	static,ignoring_inline_asm
