../Core/Lib/ili9341/ili9341.c:24:13:ILI9341_Select	8	static
../Core/Lib/ili9341/ili9341.c:28:6:ILI9341_Unselect	8	static
../Core/Lib/ili9341/ili9341.c:32:13:ILI9341_Reset	8	static
../Core/Lib/ili9341/ili9341.c:38:13:ILI9341_WriteCommand	16	static
../Core/Lib/ili9341/ili9341.c:43:13:ILI9341_WriteImgData	16	static
../Core/Lib/ili9341/ili9341.c:55:13:ILI9341_WriteData	24	static
../Core/Lib/ili9341/ili9341.c:67:13:ILI9341_SetAddressWindow	32	static
../Core/Lib/ili9341/ili9341.c:86:6:ILI9341_Init	120	static
../Core/Lib/ili9341/ili9341.c:241:6:ILI9341_DrawPixel	24	static
../Core/Lib/ili9341/ili9341.c:254:13:ILI9341_WriteChar	40	static
../Core/Lib/ili9341/ili9341.c:273:6:ILI9341_WriteString	32	static
../Core/Lib/ili9341/ili9341.c:299:6:ILI9341_FillRectangle	32	static
../Core/Lib/ili9341/ili9341.c:321:6:ILI9341_FillScreen	24	static
../Core/Lib/ili9341/ili9341.c:325:6:ILI9341_DrawImage	24	static
../Core/Lib/ili9341/ili9341.c:336:6:ILI9341_DrawImage8	24	static
../Core/Lib/ili9341/ili9341.c:348:6:ILI9341_InvertColors	16	static
